[   46947ms] [INFO] Slow network is detected. See https://www.chromestatus.com/feature/5636954674692096 for more details. Fallback font will be used while loading: https://abs.twimg.com/responsive-web/client-web/Chirp-Heavy.f44ae4ea.woff2 @ https://abs.twimg.com/responsive-web/client-web/loader.PrimaryNav.7841c85a.js:0
[   49860ms] [ERROR] Access to XMLHttpRequest at 'https://api.x.com/1.1/jot/external_referer.json' from origin 'https://x.com' has been blocked by CORS policy: Response to preflight request doesn't pass access control check: No 'Access-Control-Allow-Origin' header is present on the requested resource. @ https://x.com/i/oauth2/authorize?client_id=b1FIMnRGWE16RlZZZTk5Q1ozUms6MTpjaQ&code_challenge=YzXmlBl13Wq2ay-MNmgib9KbCVzJG14WmPiHa0pjxM4&code_challenge_method=S256&redirect_to=http%3A%2F%2Flocalhost%3A3003%2Fauth%2Fcallback&redirect_uri=https%3A%2F%2Fwloefzsaqefujlyicyot.supabase.co%2Fauth%2Fv1%2Fcallback&response_type=code&scope=users.email+tweet.read+users.read+offline.access&state=740e1766-fc40-4bb9-a439-e35e622f6542:0
[   49861ms] [ERROR] Failed to load resource: net::ERR_FAILED @ https://api.x.com/1.1/jot/external_referer.json:0
[   50409ms] [ERROR] Failed to load resource: the server responded with a status of 400 () @ https://api.x.com/1.1/onboarding/referrer.json:0
[   50434ms] [ERROR] Failed to load resource: the server responded with a status of 400 () @ https://api.x.com/2/oauth2/authorize?client_id=b1FIMnRGWE16RlZZZTk5Q1ozUms6MTpjaQ&code_challenge=YzXmlBl13Wq2ay-MNmgib9KbCVzJG14WmPiHa0pjxM4&code_challenge_method=S256&redirect_uri=https%3A%2F%2Fwloefzsaqefujlyicyot.supabase.co%2Fauth%2Fv1%2Fcallback&response_type=code&scope=users.email%20tweet.read%20users.read%20offline.access&state=740e1766-fc40-4bb9-a439-e35e622f6542:0
[12688274ms] [ERROR] Failed to load resource: the server responded with a status of 403 () @ https://api.x.com/1.1/hashflags.json:0
[12688624ms] [ERROR] Failed to load resource: the server responded with a status of 403 () @ https://api.x.com/1.1/help/settings.json?include_zero_rate=true&feature_set_token=8300977631e795ad371af147a550c32daa708825&settings_version=386e9cdce4c077848cbb2bb002927618:0
[16339446ms] [ERROR] Failed to load resource: the server responded with a status of 403 () @ https://api.x.com/1.1/help/settings.json?include_zero_rate=true&feature_set_token=8300977631e795ad371af147a550c32daa708825&settings_version=386e9cdce4c077848cbb2bb002927618:0
[16339692ms] [ERROR] Failed to load resource: the server responded with a status of 403 () @ https://api.x.com/1.1/hashflags.json:0
[16340215ms] [ERROR] Failed to load resource: the server responded with a status of 403 () @ https://api.x.com/1.1/help/settings.json?include_zero_rate=true&feature_set_token=8300977631e795ad371af147a550c32daa708825&settings_version=386e9cdce4c077848cbb2bb002927618:0
[16340291ms] [ERROR] Failed to load resource: the server responded with a status of 403 () @ https://api.x.com/1.1/hashflags.json:0
[27141240ms] [ERROR] Failed to load resource: the server responded with a status of 403 () @ https://api.x.com/1.1/help/settings.json?include_zero_rate=true&feature_set_token=8300977631e795ad371af147a550c32daa708825&settings_version=386e9cdce4c077848cbb2bb002927618:0
[27141666ms] [ERROR] Failed to load resource: the server responded with a status of 403 () @ https://api.x.com/1.1/help/settings.json?include_zero_rate=true&feature_set_token=8300977631e795ad371af147a550c32daa708825&settings_version=386e9cdce4c077848cbb2bb002927618:0
[39741310ms] [ERROR] Failed to load resource: the server responded with a status of 403 () @ https://api.x.com/1.1/help/settings.json?include_zero_rate=true&feature_set_token=8300977631e795ad371af147a550c32daa708825&settings_version=386e9cdce4c077848cbb2bb002927618:0
[39742390ms] [ERROR] Failed to load resource: the server responded with a status of 403 () @ https://api.x.com/1.1/hashflags.json:0
[43372675ms] a: ApiError: https://api.x.com/1.1/help/settings.json HTTP-0 codes:[1004]
    at c (https://abs.twimg.com/responsive-web/client-web/main.765ed01a.js:17:32973)
    at _ (https://abs.twimg.com/responsive-web/client-web/main.765ed01a.js:17:33058)
    at https://abs.twimg.com/responsive-web/client-web/main.765ed01a.js:17:33249
[52338605ms] [ERROR] Failed to load resource: the server responded with a status of 403 () @ https://api.x.com/1.1/help/settings.json?include_zero_rate=true&feature_set_token=8300977631e795ad371af147a550c32daa708825&settings_version=386e9cdce4c077848cbb2bb002927618:0
[52338633ms] [ERROR] Failed to load resource: the server responded with a status of 403 () @ https://api.x.com/1.1/hashflags.json:0
[52338923ms] [ERROR] Failed to load resource: the server responded with a status of 403 () @ https://api.x.com/1.1/help/settings.json?include_zero_rate=true&feature_set_token=8300977631e795ad371af147a550c32daa708825&settings_version=386e9cdce4c077848cbb2bb002927618:0
[52338943ms] [ERROR] Failed to load resource: the server responded with a status of 403 () @ https://api.x.com/1.1/hashflags.json:0
[68305768ms] [ERROR] Failed to load resource: the server responded with a status of 403 () @ https://api.x.com/1.1/help/settings.json?include_zero_rate=true&feature_set_token=8300977631e795ad371af147a550c32daa708825&settings_version=386e9cdce4c077848cbb2bb002927618:0
[68305938ms] [ERROR] Failed to load resource: the server responded with a status of 403 () @ https://api.x.com/1.1/hashflags.json:0
[68306363ms] [ERROR] Failed to load resource: the server responded with a status of 403 () @ https://api.x.com/1.1/hashflags.json:0
[68306370ms] [ERROR] Failed to load resource: the server responded with a status of 403 () @ https://api.x.com/1.1/help/settings.json?include_zero_rate=true&feature_set_token=8300977631e795ad371af147a550c32daa708825&settings_version=386e9cdce4c077848cbb2bb002927618:0
[80907824ms] [ERROR] Failed to load resource: the server responded with a status of 403 () @ https://api.x.com/1.1/help/settings.json?include_zero_rate=true&feature_set_token=8300977631e795ad371af147a550c32daa708825&settings_version=386e9cdce4c077848cbb2bb002927618:0
[80907839ms] [ERROR] Failed to load resource: the server responded with a status of 403 () @ https://api.x.com/1.1/hashflags.json:0
[80908190ms] [ERROR] Failed to load resource: the server responded with a status of 403 () @ https://api.x.com/1.1/hashflags.json:0
[80908243ms] [ERROR] Failed to load resource: the server responded with a status of 403 () @ https://api.x.com/1.1/help/settings.json?include_zero_rate=true&feature_set_token=8300977631e795ad371af147a550c32daa708825&settings_version=386e9cdce4c077848cbb2bb002927618:0
[93505226ms] [ERROR] Failed to load resource: the server responded with a status of 403 () @ https://api.x.com/1.1/hashflags.json:0
[93505252ms] [ERROR] Failed to load resource: the server responded with a status of 403 () @ https://api.x.com/1.1/help/settings.json?include_zero_rate=true&feature_set_token=8300977631e795ad371af147a550c32daa708825&settings_version=825fa213a20ebea681ba942e6ccdb190:0
[93505490ms] [ERROR] Failed to load resource: the server responded with a status of 403 () @ https://api.x.com/1.1/hashflags.json:0
[93505514ms] [ERROR] Failed to load resource: the server responded with a status of 403 () @ https://api.x.com/1.1/help/settings.json?include_zero_rate=true&feature_set_token=8300977631e795ad371af147a550c32daa708825&settings_version=825fa213a20ebea681ba942e6ccdb190:0
[105235713ms] [ERROR] Failed to load resource: the server responded with a status of 403 () @ https://api.x.com/1.1/hashflags.json:0
[105235739ms] [ERROR] Failed to load resource: the server responded with a status of 403 () @ https://api.x.com/1.1/help/settings.json?include_zero_rate=true&feature_set_token=8300977631e795ad371af147a550c32daa708825&settings_version=825fa213a20ebea681ba942e6ccdb190:0
[105235979ms] [ERROR] Failed to load resource: the server responded with a status of 403 () @ https://api.x.com/1.1/hashflags.json:0
[105235987ms] [ERROR] Failed to load resource: the server responded with a status of 403 () @ https://api.x.com/1.1/help/settings.json?include_zero_rate=true&feature_set_token=8300977631e795ad371af147a550c32daa708825&settings_version=825fa213a20ebea681ba942e6ccdb190:0
[118791417ms] [ERROR] Failed to load resource: the server responded with a status of 403 () @ https://api.x.com/1.1/hashflags.json:0
[118791634ms] [ERROR] Failed to load resource: the server responded with a status of 403 () @ https://api.x.com/1.1/help/settings.json?include_zero_rate=true&feature_set_token=8300977631e795ad371af147a550c32daa708825&settings_version=825fa213a20ebea681ba942e6ccdb190:0
[118792043ms] [ERROR] Failed to load resource: the server responded with a status of 403 () @ https://api.x.com/1.1/hashflags.json:0
[118792061ms] [ERROR] Failed to load resource: the server responded with a status of 403 () @ https://api.x.com/1.1/help/settings.json?include_zero_rate=true&feature_set_token=8300977631e795ad371af147a550c32daa708825&settings_version=825fa213a20ebea681ba942e6ccdb190:0
[129587637ms] [ERROR] Failed to load resource: the server responded with a status of 403 () @ https://api.x.com/1.1/hashflags.json:0
[129587652ms] [ERROR] Failed to load resource: the server responded with a status of 403 () @ https://api.x.com/1.1/help/settings.json?include_zero_rate=true&feature_set_token=8300977631e795ad371af147a550c32daa708825&settings_version=825fa213a20ebea681ba942e6ccdb190:0
[129587890ms] [ERROR] Failed to load resource: the server responded with a status of 403 () @ https://api.x.com/1.1/hashflags.json:0
[129587911ms] [ERROR] Failed to load resource: the server responded with a status of 403 () @ https://api.x.com/1.1/help/settings.json?include_zero_rate=true&feature_set_token=8300977631e795ad371af147a550c32daa708825&settings_version=825fa213a20ebea681ba942e6ccdb190:0
[142187589ms] [ERROR] Failed to load resource: the server responded with a status of 403 () @ https://api.x.com/1.1/help/settings.json?include_zero_rate=true&feature_set_token=8300977631e795ad371af147a550c32daa708825&settings_version=825fa213a20ebea681ba942e6ccdb190:0
[142187610ms] [ERROR] Failed to load resource: the server responded with a status of 403 () @ https://api.x.com/1.1/hashflags.json:0
[142187881ms] [ERROR] Failed to load resource: the server responded with a status of 403 () @ https://api.x.com/1.1/help/settings.json?include_zero_rate=true&feature_set_token=8300977631e795ad371af147a550c32daa708825&settings_version=825fa213a20ebea681ba942e6ccdb190:0
[142187889ms] [ERROR] Failed to load resource: the server responded with a status of 403 () @ https://api.x.com/1.1/hashflags.json:0
[154787692ms] [ERROR] Failed to load resource: the server responded with a status of 403 () @ https://api.x.com/1.1/hashflags.json:0
[154787716ms] [ERROR] Failed to load resource: the server responded with a status of 403 () @ https://api.x.com/1.1/help/settings.json?include_zero_rate=true&feature_set_token=8300977631e795ad371af147a550c32daa708825&settings_version=825fa213a20ebea681ba942e6ccdb190:0
[154788239ms] [ERROR] Failed to load resource: the server responded with a status of 403 () @ https://api.x.com/1.1/hashflags.json:0
[154788248ms] [ERROR] Failed to load resource: the server responded with a status of 403 () @ https://api.x.com/1.1/help/settings.json?include_zero_rate=true&feature_set_token=8300977631e795ad371af147a550c32daa708825&settings_version=825fa213a20ebea681ba942e6ccdb190:0
[164821070ms] [ERROR] Failed to load resource: the server responded with a status of 403 () @ https://api.x.com/1.1/hashflags.json:0
[164821366ms] [ERROR] Failed to load resource: the server responded with a status of 403 () @ https://api.x.com/1.1/help/settings.json?include_zero_rate=true&feature_set_token=8300977631e795ad371af147a550c32daa708825&settings_version=825fa213a20ebea681ba942e6ccdb190:0
[164822009ms] [ERROR] Failed to load resource: the server responded with a status of 403 () @ https://api.x.com/1.1/hashflags.json:0
[164822084ms] [ERROR] Failed to load resource: the server responded with a status of 403 () @ https://api.x.com/1.1/help/settings.json?include_zero_rate=true&feature_set_token=8300977631e795ad371af147a550c32daa708825&settings_version=825fa213a20ebea681ba942e6ccdb190:0
[176571323ms] [ERROR] Failed to load resource: the server responded with a status of 403 () @ https://api.x.com/1.1/help/settings.json?include_zero_rate=true&feature_set_token=8300977631e795ad371af147a550c32daa708825&settings_version=825fa213a20ebea681ba942e6ccdb190:0
[176573629ms] [ERROR] Failed to load resource: the server responded with a status of 403 () @ https://api.x.com/1.1/hashflags.json:0
[176574711ms] [ERROR] Failed to load resource: the server responded with a status of 403 () @ https://api.x.com/1.1/help/settings.json?include_zero_rate=true&feature_set_token=8300977631e795ad371af147a550c32daa708825&settings_version=825fa213a20ebea681ba942e6ccdb190:0
[176574761ms] [ERROR] Failed to load resource: the server responded with a status of 403 () @ https://api.x.com/1.1/hashflags.json:0
[189168963ms] [ERROR] Failed to load resource: the server responded with a status of 403 () @ https://api.x.com/1.1/hashflags.json:0
[189168983ms] [ERROR] Failed to load resource: the server responded with a status of 403 () @ https://api.x.com/1.1/help/settings.json?include_zero_rate=true&feature_set_token=8300977631e795ad371af147a550c32daa708825&settings_version=825fa213a20ebea681ba942e6ccdb190:0
[189169211ms] [ERROR] Failed to load resource: the server responded with a status of 403 () @ https://api.x.com/1.1/hashflags.json:0
[189169222ms] [ERROR] Failed to load resource: the server responded with a status of 403 () @ https://api.x.com/1.1/help/settings.json?include_zero_rate=true&feature_set_token=8300977631e795ad371af147a550c32daa708825&settings_version=825fa213a20ebea681ba942e6ccdb190:0
[201769224ms] [ERROR] Failed to load resource: the server responded with a status of 403 () @ https://api.x.com/1.1/help/settings.json?include_zero_rate=true&feature_set_token=8300977631e795ad371af147a550c32daa708825&settings_version=825fa213a20ebea681ba942e6ccdb190:0
[201769787ms] [ERROR] Failed to load resource: the server responded with a status of 403 () @ https://api.x.com/1.1/help/settings.json?include_zero_rate=true&feature_set_token=8300977631e795ad371af147a550c32daa708825&settings_version=825fa213a20ebea681ba942e6ccdb190:0
[214369219ms] [ERROR] Failed to load resource: the server responded with a status of 403 () @ https://api.x.com/1.1/hashflags.json:0
[214369237ms] [ERROR] Failed to load resource: the server responded with a status of 403 () @ https://api.x.com/1.1/help/settings.json?include_zero_rate=true&feature_set_token=8300977631e795ad371af147a550c32daa708825&settings_version=825fa213a20ebea681ba942e6ccdb190:0
[226969485ms] [ERROR] Failed to load resource: the server responded with a status of 403 () @ https://api.x.com/1.1/help/settings.json?include_zero_rate=true&feature_set_token=8300977631e795ad371af147a550c32daa708825&settings_version=825fa213a20ebea681ba942e6ccdb190:0
[226969504ms] [ERROR] Failed to load resource: the server responded with a status of 403 () @ https://api.x.com/1.1/hashflags.json:0
[226969740ms] [ERROR] Failed to load resource: the server responded with a status of 403 () @ https://api.x.com/1.1/help/settings.json?include_zero_rate=true&feature_set_token=8300977631e795ad371af147a550c32daa708825&settings_version=825fa213a20ebea681ba942e6ccdb190:0
[226969747ms] [ERROR] Failed to load resource: the server responded with a status of 403 () @ https://api.x.com/1.1/hashflags.json:0
